// Jest Snapshot v1, https://goo.gl/fbAQLP

exports[`matches snapshot 1`] = `
<DocumentFragment>
  <div
    class="container"
  >
    <h3
      class="display-5 p-5"
    >
      The page you're looking for doesn't exist. :(
    </h3>
  </div>
</DocumentFragment>
`;
