// Jest Snapshot v1, https://goo.gl/fbAQLP

exports[`matches snapshot 1`] = `
<DocumentFragment>
  <div>
    <div
      class="MuiPaper-root MuiPaper-elevation MuiPaper-rounded MuiPaper-elevation1 MuiCard-root Card css-bhp9pd-MuiPaper-root-MuiCard-root"
    >
      <a
        class="MuiButtonBase-root MuiCardActionArea-root css-b6lsxj-MuiButtonBase-root-MuiCardActionArea-root"
        href="/post/undefined"
        tabindex="0"
      >
        <img
          class="MuiCardMedia-root MuiCardMedia-media MuiCardMedia-img img-fluid css-o69gx8-MuiCardMedia-root"
        />
        <h3
          class="title m-2"
        />
        <span
          class="MuiCardActionArea-focusHighlight css-1v2exvi-MuiCardActionArea-focusHighlight"
        />
        <span
          class="MuiTouchRipple-root css-8je8zh-MuiTouchRipple-root"
        />
      </a>
      <button
        class="MuiButtonBase-root MuiIconButton-root MuiIconButton-sizeMedium css-78trlr-MuiButtonBase-root-MuiIconButton-root"
        tabindex="0"
        type="button"
      >
        <i
          class="far fa-heart"
        />
        <span
          class="MuiTouchRipple-root css-8je8zh-MuiTouchRipple-root"
        />
      </button>
    </div>
  </div>
</DocumentFragment>
`;
